// Jest Snapshot v1, https://goo.gl/fbAQLP

exports[`onChange() on delete 1`] = `"<table><thead><tr><th>product</th><th>type</th><th>price</th><th>stock</th><th></th></tr></thead><tbody><tr dataid=\\"0\\"><td>Desk</td><td>capex</td><td>100</td><td>20</td><td><div style=\\"display: flex; flex-direction: row;\\"><button>x</button></div></td></tr><tr dataid=\\"1\\"><td>Printer</td><td>capex</td><td>500</td><td>10</td><td><div style=\\"display: flex; flex-direction: row;\\"><button>x</button></div></td></tr><tr dataid=\\"2\\"><td>Paper</td><td>consumable</td><td>5</td><td>2000</td><td><div style=\\"display: flex; flex-direction: row;\\"><button>x</button></div></td></tr><tr dataid=\\"3\\"><td>Chair</td><td>capex</td><td>50</td><td>50</td><td><div style=\\"display: flex; flex-direction: row;\\"><button>x</button></div></td></tr><tr dataid=\\"4\\"><td>Computer</td><td>capex</td><td>1000</td><td>20</td><td><div style=\\"display: flex; flex-direction: row;\\"><button>x</button></div></td></tr><tr dataid=\\"5\\"><td>Rent</td><td></td><td>2000</td><td></td><td><div style=\\"display: flex; flex-direction: row;\\"><button>x</button></div></td></tr><tr dataid=\\"6\\"><td>&nbsp;</td><td>&nbsp;</td><td>&nbsp;</td><td>&nbsp;</td><td><div style=\\"display: flex; flex-direction: row;\\"></div></td></tr></tbody></table>"`;

exports[`onChange() on delete 2`] = `"<table><thead><tr><th>product</th><th>type</th><th>price</th><th>stock</th><th></th></tr></thead><tbody><tr dataid=\\"0\\"><td>Printer</td><td>capex</td><td>500</td><td>10</td><td><div style=\\"display: flex; flex-direction: row;\\"><button>x</button></div></td></tr><tr dataid=\\"1\\"><td>Paper</td><td>consumable</td><td>5</td><td>2000</td><td><div style=\\"display: flex; flex-direction: row;\\"><button>x</button></div></td></tr><tr dataid=\\"2\\"><td>Chair</td><td>capex</td><td>50</td><td>50</td><td><div style=\\"display: flex; flex-direction: row;\\"><button>x</button></div></td></tr><tr dataid=\\"3\\"><td>Computer</td><td>capex</td><td>1000</td><td>20</td><td><div style=\\"display: flex; flex-direction: row;\\"><button>x</button></div></td></tr><tr dataid=\\"4\\"><td>Rent</td><td></td><td>2000</td><td></td><td><div style=\\"display: flex; flex-direction: row;\\"><button>x</button></div></td></tr><tr dataid=\\"5\\"><td>&nbsp;</td><td>&nbsp;</td><td>&nbsp;</td><td>&nbsp;</td><td><div style=\\"display: flex; flex-direction: row;\\"></div></td></tr></tbody></table>"`;

exports[`onChange() on delete 3`] = `"<table><thead><tr><th>product</th><th>type</th><th>price</th><th>stock</th><th></th></tr></thead><tbody><tr dataid=\\"0\\"><td>Printer</td><td>capex</td><td>500</td><td>10</td><td><div style=\\"display: flex; flex-direction: row;\\"><button>x</button></div></td></tr><tr dataid=\\"1\\"><td>Paper</td><td>consumable</td><td>5</td><td>2000</td><td><div style=\\"display: flex; flex-direction: row;\\"><button>x</button></div></td></tr><tr dataid=\\"2\\"><td>Chair</td><td>capex</td><td>50</td><td>50</td><td><div style=\\"display: flex; flex-direction: row;\\"><button>x</button></div></td></tr><tr dataid=\\"3\\"><td>Computer</td><td>capex</td><td>1000</td><td>20</td><td><div style=\\"display: flex; flex-direction: row;\\"><button>x</button></div></td></tr><tr dataid=\\"4\\"><td>Rent</td><td></td><td>2000</td><td></td><td><div style=\\"display: flex; flex-direction: row;\\"><button>x</button></div></td></tr><tr dataid=\\"5\\"><td>&nbsp;</td><td>&nbsp;</td><td>&nbsp;</td><td>&nbsp;</td><td><div style=\\"display: flex; flex-direction: row;\\"></div></td></tr></tbody></table>"`;

exports[`onChange() on insert 1`] = `"<table><thead><tr><th>product</th><th>type</th><th>price</th><th>stock</th><th></th></tr></thead><tbody><tr dataid=\\"0\\"><td>Desk</td><td>capex</td><td>100</td><td>20</td><td><div style=\\"display: flex; flex-direction: row;\\"><button>x</button></div></td></tr><tr dataid=\\"1\\"><td>Printer</td><td>capex</td><td>500</td><td>10</td><td><div style=\\"display: flex; flex-direction: row;\\"><button>x</button></div></td></tr><tr dataid=\\"2\\"><td>Paper</td><td>consumable</td><td>5</td><td>2000</td><td><div style=\\"display: flex; flex-direction: row;\\"><button>x</button></div></td></tr><tr dataid=\\"3\\"><td>Chair</td><td>capex</td><td>50</td><td>50</td><td><div style=\\"display: flex; flex-direction: row;\\"><button>x</button></div></td></tr><tr dataid=\\"4\\"><td>Computer</td><td>capex</td><td>1000</td><td>20</td><td><div style=\\"display: flex; flex-direction: row;\\"><button>x</button></div></td></tr><tr dataid=\\"5\\"><td>Rent</td><td></td><td>2000</td><td></td><td><div style=\\"display: flex; flex-direction: row;\\"><button>x</button></div></td></tr><tr dataid=\\"6\\"><td>&nbsp;</td><td>&nbsp;</td><td>&nbsp;</td><td>&nbsp;</td><td><div style=\\"display: flex; flex-direction: row;\\"></div></td></tr></tbody></table>"`;

exports[`onChange() on insert 2`] = `"<table><thead><tr><th>product</th><th>type</th><th>price</th><th>stock</th><th></th></tr></thead><tbody><tr dataid=\\"0\\"><td>Desk</td><td>capex</td><td>100</td><td>20</td><td><div style=\\"display: flex; flex-direction: row;\\"><button>x</button></div></td></tr><tr dataid=\\"1\\"><td>Printer</td><td>capex</td><td>500</td><td>10</td><td><div style=\\"display: flex; flex-direction: row;\\"><button>x</button></div></td></tr><tr dataid=\\"2\\"><td>Paper</td><td>consumable</td><td>5</td><td>2000</td><td><div style=\\"display: flex; flex-direction: row;\\"><button>x</button></div></td></tr><tr dataid=\\"3\\"><td>Chair</td><td>capex</td><td>50</td><td>50</td><td><div style=\\"display: flex; flex-direction: row;\\"><button>x</button></div></td></tr><tr dataid=\\"4\\"><td>Computer</td><td>capex</td><td>1000</td><td>20</td><td><div style=\\"display: flex; flex-direction: row;\\"><button>x</button></div></td></tr><tr dataid=\\"5\\"><td>Rent</td><td></td><td>2000</td><td></td><td><div style=\\"display: flex; flex-direction: row;\\"><button>x</button></div></td></tr><tr dataid=\\"6\\"><td><input type=\\"text\\" value=\\"\\"></td><td><select><option></option><option value=\\"1\\">capex</option><option value=\\"2\\">consumable</option></select></td><td><input type=\\"number\\" value=\\"\\"></td><td><input type=\\"number\\" value=\\"\\"></td><td><div style=\\"display: flex; flex-direction: row;\\"><button>✓</button><button>x</button></div></td></tr></tbody></table>"`;

exports[`onChange() on insert 3`] = `"<table><thead><tr><th>product</th><th>type</th><th>price</th><th>stock</th><th></th></tr></thead><tbody><tr dataid=\\"0\\"><td>Desk</td><td>capex</td><td>100</td><td>20</td><td><div style=\\"display: flex; flex-direction: row;\\"><button>x</button></div></td></tr><tr dataid=\\"1\\"><td>Printer</td><td>capex</td><td>500</td><td>10</td><td><div style=\\"display: flex; flex-direction: row;\\"><button>x</button></div></td></tr><tr dataid=\\"2\\"><td>Paper</td><td>consumable</td><td>5</td><td>2000</td><td><div style=\\"display: flex; flex-direction: row;\\"><button>x</button></div></td></tr><tr dataid=\\"3\\"><td>Chair</td><td>capex</td><td>50</td><td>50</td><td><div style=\\"display: flex; flex-direction: row;\\"><button>x</button></div></td></tr><tr dataid=\\"4\\"><td>Computer</td><td>capex</td><td>1000</td><td>20</td><td><div style=\\"display: flex; flex-direction: row;\\"><button>x</button></div></td></tr><tr dataid=\\"5\\"><td>Rent</td><td></td><td>2000</td><td></td><td><div style=\\"display: flex; flex-direction: row;\\"><button>x</button></div></td></tr><tr dataid=\\"6\\"><td>test item onInsert</td><td></td><td></td><td></td><td><div style=\\"display: flex; flex-direction: row;\\"><button>x</button></div></td></tr><tr dataid=\\"7\\"><td>&nbsp;</td><td>&nbsp;</td><td>&nbsp;</td><td>&nbsp;</td><td><div style=\\"display: flex; flex-direction: row;\\"></div></td></tr></tbody></table>"`;

exports[`onChange() on update 1`] = `"<table><thead><tr><th>product</th><th>type</th><th>price</th><th>stock</th><th></th></tr></thead><tbody><tr dataid=\\"0\\"><td>Desk</td><td>capex</td><td>100</td><td>20</td><td><div style=\\"display: flex; flex-direction: row;\\"><button>x</button></div></td></tr><tr dataid=\\"1\\"><td>Printer</td><td>capex</td><td>500</td><td>10</td><td><div style=\\"display: flex; flex-direction: row;\\"><button>x</button></div></td></tr><tr dataid=\\"2\\"><td>Paper</td><td>consumable</td><td>5</td><td>2000</td><td><div style=\\"display: flex; flex-direction: row;\\"><button>x</button></div></td></tr><tr dataid=\\"3\\"><td>Chair</td><td>capex</td><td>50</td><td>50</td><td><div style=\\"display: flex; flex-direction: row;\\"><button>x</button></div></td></tr><tr dataid=\\"4\\"><td>Computer</td><td>capex</td><td>1000</td><td>20</td><td><div style=\\"display: flex; flex-direction: row;\\"><button>x</button></div></td></tr><tr dataid=\\"5\\"><td>Rent</td><td></td><td>2000</td><td></td><td><div style=\\"display: flex; flex-direction: row;\\"><button>x</button></div></td></tr><tr dataid=\\"6\\"><td>&nbsp;</td><td>&nbsp;</td><td>&nbsp;</td><td>&nbsp;</td><td><div style=\\"display: flex; flex-direction: row;\\"></div></td></tr></tbody></table>"`;

exports[`onChange() on update 2`] = `"<table><thead><tr><th>product</th><th>type</th><th>price</th><th>stock</th><th></th></tr></thead><tbody><tr dataid=\\"0\\"><td><input type=\\"text\\" value=\\"Desk\\"></td><td><select><option></option><option value=\\"1\\">capex</option><option value=\\"2\\">consumable</option></select></td><td><input type=\\"number\\" value=\\"100\\"></td><td><input type=\\"number\\" value=\\"20\\"></td><td><div style=\\"display: flex; flex-direction: row;\\"><button>✓</button><button>x</button></div></td></tr><tr dataid=\\"1\\"><td>Printer</td><td>capex</td><td>500</td><td>10</td><td><div style=\\"display: flex; flex-direction: row;\\"><button>x</button></div></td></tr><tr dataid=\\"2\\"><td>Paper</td><td>consumable</td><td>5</td><td>2000</td><td><div style=\\"display: flex; flex-direction: row;\\"><button>x</button></div></td></tr><tr dataid=\\"3\\"><td>Chair</td><td>capex</td><td>50</td><td>50</td><td><div style=\\"display: flex; flex-direction: row;\\"><button>x</button></div></td></tr><tr dataid=\\"4\\"><td>Computer</td><td>capex</td><td>1000</td><td>20</td><td><div style=\\"display: flex; flex-direction: row;\\"><button>x</button></div></td></tr><tr dataid=\\"5\\"><td>Rent</td><td></td><td>2000</td><td></td><td><div style=\\"display: flex; flex-direction: row;\\"><button>x</button></div></td></tr><tr dataid=\\"6\\"><td>&nbsp;</td><td>&nbsp;</td><td>&nbsp;</td><td>&nbsp;</td><td><div style=\\"display: flex; flex-direction: row;\\"></div></td></tr></tbody></table>"`;

exports[`onChange() on update 3`] = `"<table><thead><tr><th>product</th><th>type</th><th>price</th><th>stock</th><th></th></tr></thead><tbody><tr dataid=\\"0\\"><td>new Desk</td><td>capex</td><td>100</td><td>20</td><td><div style=\\"display: flex; flex-direction: row;\\"><button>x</button></div></td></tr><tr dataid=\\"1\\"><td>Printer</td><td>capex</td><td>500</td><td>10</td><td><div style=\\"display: flex; flex-direction: row;\\"><button>x</button></div></td></tr><tr dataid=\\"2\\"><td>Paper</td><td>consumable</td><td>5</td><td>2000</td><td><div style=\\"display: flex; flex-direction: row;\\"><button>x</button></div></td></tr><tr dataid=\\"3\\"><td>Chair</td><td>capex</td><td>50</td><td>50</td><td><div style=\\"display: flex; flex-direction: row;\\"><button>x</button></div></td></tr><tr dataid=\\"4\\"><td>Computer</td><td>capex</td><td>1000</td><td>20</td><td><div style=\\"display: flex; flex-direction: row;\\"><button>x</button></div></td></tr><tr dataid=\\"5\\"><td>Rent</td><td></td><td>2000</td><td></td><td><div style=\\"display: flex; flex-direction: row;\\"><button>x</button></div></td></tr><tr dataid=\\"6\\"><td>&nbsp;</td><td>&nbsp;</td><td>&nbsp;</td><td>&nbsp;</td><td><div style=\\"display: flex; flex-direction: row;\\"></div></td></tr></tbody></table>"`;

exports[`onChange() return false on delete 1`] = `"<table><thead><tr><th>product</th><th>type</th><th>price</th><th>stock</th><th></th></tr></thead><tbody><tr dataid=\\"0\\"><td>Desk</td><td>capex</td><td>100</td><td>20</td><td><div style=\\"display: flex; flex-direction: row;\\"><button>x</button></div></td></tr><tr dataid=\\"1\\"><td>Printer</td><td>capex</td><td>500</td><td>10</td><td><div style=\\"display: flex; flex-direction: row;\\"><button>x</button></div></td></tr><tr dataid=\\"2\\"><td>Paper</td><td>consumable</td><td>5</td><td>2000</td><td><div style=\\"display: flex; flex-direction: row;\\"><button>x</button></div></td></tr><tr dataid=\\"3\\"><td>Chair</td><td>capex</td><td>50</td><td>50</td><td><div style=\\"display: flex; flex-direction: row;\\"><button>x</button></div></td></tr><tr dataid=\\"4\\"><td>Computer</td><td>capex</td><td>1000</td><td>20</td><td><div style=\\"display: flex; flex-direction: row;\\"><button>x</button></div></td></tr><tr dataid=\\"5\\"><td>Rent</td><td></td><td>2000</td><td></td><td><div style=\\"display: flex; flex-direction: row;\\"><button>x</button></div></td></tr><tr dataid=\\"6\\"><td>&nbsp;</td><td>&nbsp;</td><td>&nbsp;</td><td>&nbsp;</td><td><div style=\\"display: flex; flex-direction: row;\\"></div></td></tr></tbody></table>"`;

exports[`onChange() return false on delete 2`] = `"<table><thead><tr><th>product</th><th>type</th><th>price</th><th>stock</th><th></th></tr></thead><tbody><tr dataid=\\"0\\"><td>Desk</td><td>capex</td><td>100</td><td>20</td><td><div style=\\"display: flex; flex-direction: row;\\"><button>x</button></div></td></tr><tr dataid=\\"1\\"><td>Printer</td><td>capex</td><td>500</td><td>10</td><td><div style=\\"display: flex; flex-direction: row;\\"><button>x</button></div></td></tr><tr dataid=\\"2\\"><td>Paper</td><td>consumable</td><td>5</td><td>2000</td><td><div style=\\"display: flex; flex-direction: row;\\"><button>x</button></div></td></tr><tr dataid=\\"3\\"><td>Chair</td><td>capex</td><td>50</td><td>50</td><td><div style=\\"display: flex; flex-direction: row;\\"><button>x</button></div></td></tr><tr dataid=\\"4\\"><td>Computer</td><td>capex</td><td>1000</td><td>20</td><td><div style=\\"display: flex; flex-direction: row;\\"><button>x</button></div></td></tr><tr dataid=\\"5\\"><td>Rent</td><td></td><td>2000</td><td></td><td><div style=\\"display: flex; flex-direction: row;\\"><button>x</button></div></td></tr><tr dataid=\\"6\\"><td>&nbsp;</td><td>&nbsp;</td><td>&nbsp;</td><td>&nbsp;</td><td><div style=\\"display: flex; flex-direction: row;\\"></div></td></tr></tbody></table>"`;

exports[`onChange() return false on delete 3`] = `"<table><thead><tr><th>product</th><th>type</th><th>price</th><th>stock</th><th></th></tr></thead><tbody><tr dataid=\\"0\\"><td>Desk</td><td>capex</td><td>100</td><td>20</td><td><div style=\\"display: flex; flex-direction: row;\\"><button>x</button></div></td></tr><tr dataid=\\"1\\"><td>Printer</td><td>capex</td><td>500</td><td>10</td><td><div style=\\"display: flex; flex-direction: row;\\"><button>x</button></div></td></tr><tr dataid=\\"2\\"><td>Paper</td><td>consumable</td><td>5</td><td>2000</td><td><div style=\\"display: flex; flex-direction: row;\\"><button>x</button></div></td></tr><tr dataid=\\"3\\"><td>Chair</td><td>capex</td><td>50</td><td>50</td><td><div style=\\"display: flex; flex-direction: row;\\"><button>x</button></div></td></tr><tr dataid=\\"4\\"><td>Computer</td><td>capex</td><td>1000</td><td>20</td><td><div style=\\"display: flex; flex-direction: row;\\"><button>x</button></div></td></tr><tr dataid=\\"5\\"><td>Rent</td><td></td><td>2000</td><td></td><td><div style=\\"display: flex; flex-direction: row;\\"><button>x</button></div></td></tr><tr dataid=\\"6\\"><td>&nbsp;</td><td>&nbsp;</td><td>&nbsp;</td><td>&nbsp;</td><td><div style=\\"display: flex; flex-direction: row;\\"></div></td></tr></tbody></table>"`;

exports[`onChange() return false on insert 1`] = `"<table><thead><tr><th>product</th><th>type</th><th>price</th><th>stock</th><th></th></tr></thead><tbody><tr dataid=\\"0\\"><td>Desk</td><td>capex</td><td>100</td><td>20</td><td><div style=\\"display: flex; flex-direction: row;\\"><button>x</button></div></td></tr><tr dataid=\\"1\\"><td>Printer</td><td>capex</td><td>500</td><td>10</td><td><div style=\\"display: flex; flex-direction: row;\\"><button>x</button></div></td></tr><tr dataid=\\"2\\"><td>Paper</td><td>consumable</td><td>5</td><td>2000</td><td><div style=\\"display: flex; flex-direction: row;\\"><button>x</button></div></td></tr><tr dataid=\\"3\\"><td>Chair</td><td>capex</td><td>50</td><td>50</td><td><div style=\\"display: flex; flex-direction: row;\\"><button>x</button></div></td></tr><tr dataid=\\"4\\"><td>Computer</td><td>capex</td><td>1000</td><td>20</td><td><div style=\\"display: flex; flex-direction: row;\\"><button>x</button></div></td></tr><tr dataid=\\"5\\"><td>Rent</td><td></td><td>2000</td><td></td><td><div style=\\"display: flex; flex-direction: row;\\"><button>x</button></div></td></tr><tr dataid=\\"6\\"><td>&nbsp;</td><td>&nbsp;</td><td>&nbsp;</td><td>&nbsp;</td><td><div style=\\"display: flex; flex-direction: row;\\"></div></td></tr></tbody></table>"`;

exports[`onChange() return false on insert 2`] = `"<table><thead><tr><th>product</th><th>type</th><th>price</th><th>stock</th><th></th></tr></thead><tbody><tr dataid=\\"0\\"><td>Desk</td><td>capex</td><td>100</td><td>20</td><td><div style=\\"display: flex; flex-direction: row;\\"><button>x</button></div></td></tr><tr dataid=\\"1\\"><td>Printer</td><td>capex</td><td>500</td><td>10</td><td><div style=\\"display: flex; flex-direction: row;\\"><button>x</button></div></td></tr><tr dataid=\\"2\\"><td>Paper</td><td>consumable</td><td>5</td><td>2000</td><td><div style=\\"display: flex; flex-direction: row;\\"><button>x</button></div></td></tr><tr dataid=\\"3\\"><td>Chair</td><td>capex</td><td>50</td><td>50</td><td><div style=\\"display: flex; flex-direction: row;\\"><button>x</button></div></td></tr><tr dataid=\\"4\\"><td>Computer</td><td>capex</td><td>1000</td><td>20</td><td><div style=\\"display: flex; flex-direction: row;\\"><button>x</button></div></td></tr><tr dataid=\\"5\\"><td>Rent</td><td></td><td>2000</td><td></td><td><div style=\\"display: flex; flex-direction: row;\\"><button>x</button></div></td></tr><tr dataid=\\"6\\"><td><input type=\\"text\\" value=\\"\\"></td><td><select><option></option><option value=\\"1\\">capex</option><option value=\\"2\\">consumable</option></select></td><td><input type=\\"number\\" value=\\"\\"></td><td><input type=\\"number\\" value=\\"\\"></td><td><div style=\\"display: flex; flex-direction: row;\\"><button>✓</button><button>x</button></div></td></tr></tbody></table>"`;

exports[`onChange() return false on insert 3`] = `"<table><thead><tr><th>product</th><th>type</th><th>price</th><th>stock</th><th></th></tr></thead><tbody><tr dataid=\\"0\\"><td>Desk</td><td>capex</td><td>100</td><td>20</td><td><div style=\\"display: flex; flex-direction: row;\\"><button>x</button></div></td></tr><tr dataid=\\"1\\"><td>Printer</td><td>capex</td><td>500</td><td>10</td><td><div style=\\"display: flex; flex-direction: row;\\"><button>x</button></div></td></tr><tr dataid=\\"2\\"><td>Paper</td><td>consumable</td><td>5</td><td>2000</td><td><div style=\\"display: flex; flex-direction: row;\\"><button>x</button></div></td></tr><tr dataid=\\"3\\"><td>Chair</td><td>capex</td><td>50</td><td>50</td><td><div style=\\"display: flex; flex-direction: row;\\"><button>x</button></div></td></tr><tr dataid=\\"4\\"><td>Computer</td><td>capex</td><td>1000</td><td>20</td><td><div style=\\"display: flex; flex-direction: row;\\"><button>x</button></div></td></tr><tr dataid=\\"5\\"><td>Rent</td><td></td><td>2000</td><td></td><td><div style=\\"display: flex; flex-direction: row;\\"><button>x</button></div></td></tr><tr dataid=\\"6\\"><td><input type=\\"text\\" value=\\"test item onInsert\\"></td><td><select><option></option><option value=\\"1\\">capex</option><option value=\\"2\\">consumable</option></select></td><td><input type=\\"number\\" value=\\"\\"></td><td><input type=\\"number\\" value=\\"\\"></td><td><div style=\\"display: flex; flex-direction: row;\\"><button>✓</button><button>x</button></div></td></tr></tbody></table>"`;

exports[`onChange() return false on update 1`] = `"<table><thead><tr><th>product</th><th>type</th><th>price</th><th>stock</th><th></th></tr></thead><tbody><tr dataid=\\"0\\"><td>Desk</td><td>capex</td><td>100</td><td>20</td><td><div style=\\"display: flex; flex-direction: row;\\"><button>x</button></div></td></tr><tr dataid=\\"1\\"><td>Printer</td><td>capex</td><td>500</td><td>10</td><td><div style=\\"display: flex; flex-direction: row;\\"><button>x</button></div></td></tr><tr dataid=\\"2\\"><td>Paper</td><td>consumable</td><td>5</td><td>2000</td><td><div style=\\"display: flex; flex-direction: row;\\"><button>x</button></div></td></tr><tr dataid=\\"3\\"><td>Chair</td><td>capex</td><td>50</td><td>50</td><td><div style=\\"display: flex; flex-direction: row;\\"><button>x</button></div></td></tr><tr dataid=\\"4\\"><td>Computer</td><td>capex</td><td>1000</td><td>20</td><td><div style=\\"display: flex; flex-direction: row;\\"><button>x</button></div></td></tr><tr dataid=\\"5\\"><td>Rent</td><td></td><td>2000</td><td></td><td><div style=\\"display: flex; flex-direction: row;\\"><button>x</button></div></td></tr><tr dataid=\\"6\\"><td>&nbsp;</td><td>&nbsp;</td><td>&nbsp;</td><td>&nbsp;</td><td><div style=\\"display: flex; flex-direction: row;\\"></div></td></tr></tbody></table>"`;

exports[`onChange() return false on update 2`] = `"<table><thead><tr><th>product</th><th>type</th><th>price</th><th>stock</th><th></th></tr></thead><tbody><tr dataid=\\"0\\"><td><input type=\\"text\\" value=\\"Desk\\"></td><td><select><option></option><option value=\\"1\\">capex</option><option value=\\"2\\">consumable</option></select></td><td><input type=\\"number\\" value=\\"100\\"></td><td><input type=\\"number\\" value=\\"20\\"></td><td><div style=\\"display: flex; flex-direction: row;\\"><button>✓</button><button>x</button></div></td></tr><tr dataid=\\"1\\"><td>Printer</td><td>capex</td><td>500</td><td>10</td><td><div style=\\"display: flex; flex-direction: row;\\"><button>x</button></div></td></tr><tr dataid=\\"2\\"><td>Paper</td><td>consumable</td><td>5</td><td>2000</td><td><div style=\\"display: flex; flex-direction: row;\\"><button>x</button></div></td></tr><tr dataid=\\"3\\"><td>Chair</td><td>capex</td><td>50</td><td>50</td><td><div style=\\"display: flex; flex-direction: row;\\"><button>x</button></div></td></tr><tr dataid=\\"4\\"><td>Computer</td><td>capex</td><td>1000</td><td>20</td><td><div style=\\"display: flex; flex-direction: row;\\"><button>x</button></div></td></tr><tr dataid=\\"5\\"><td>Rent</td><td></td><td>2000</td><td></td><td><div style=\\"display: flex; flex-direction: row;\\"><button>x</button></div></td></tr><tr dataid=\\"6\\"><td>&nbsp;</td><td>&nbsp;</td><td>&nbsp;</td><td>&nbsp;</td><td><div style=\\"display: flex; flex-direction: row;\\"></div></td></tr></tbody></table>"`;

exports[`onChange() return false on update 3`] = `"<table><thead><tr><th>product</th><th>type</th><th>price</th><th>stock</th><th></th></tr></thead><tbody><tr dataid=\\"0\\"><td><input type=\\"text\\" value=\\"new Desk\\"></td><td><select><option></option><option value=\\"1\\">capex</option><option value=\\"2\\">consumable</option></select></td><td><input type=\\"number\\" value=\\"100\\"></td><td><input type=\\"number\\" value=\\"20\\"></td><td><div style=\\"display: flex; flex-direction: row;\\"><button>✓</button><button>x</button></div></td></tr><tr dataid=\\"1\\"><td>Printer</td><td>capex</td><td>500</td><td>10</td><td><div style=\\"display: flex; flex-direction: row;\\"><button>x</button></div></td></tr><tr dataid=\\"2\\"><td>Paper</td><td>consumable</td><td>5</td><td>2000</td><td><div style=\\"display: flex; flex-direction: row;\\"><button>x</button></div></td></tr><tr dataid=\\"3\\"><td>Chair</td><td>capex</td><td>50</td><td>50</td><td><div style=\\"display: flex; flex-direction: row;\\"><button>x</button></div></td></tr><tr dataid=\\"4\\"><td>Computer</td><td>capex</td><td>1000</td><td>20</td><td><div style=\\"display: flex; flex-direction: row;\\"><button>x</button></div></td></tr><tr dataid=\\"5\\"><td>Rent</td><td></td><td>2000</td><td></td><td><div style=\\"display: flex; flex-direction: row;\\"><button>x</button></div></td></tr><tr dataid=\\"6\\"><td>&nbsp;</td><td>&nbsp;</td><td>&nbsp;</td><td>&nbsp;</td><td><div style=\\"display: flex; flex-direction: row;\\"></div></td></tr></tbody></table>"`;

exports[`onChange() return true on delete 1`] = `"<table><thead><tr><th>product</th><th>type</th><th>price</th><th>stock</th><th></th></tr></thead><tbody><tr dataid=\\"0\\"><td>Desk</td><td>capex</td><td>100</td><td>20</td><td><div style=\\"display: flex; flex-direction: row;\\"><button>x</button></div></td></tr><tr dataid=\\"1\\"><td>Printer</td><td>capex</td><td>500</td><td>10</td><td><div style=\\"display: flex; flex-direction: row;\\"><button>x</button></div></td></tr><tr dataid=\\"2\\"><td>Paper</td><td>consumable</td><td>5</td><td>2000</td><td><div style=\\"display: flex; flex-direction: row;\\"><button>x</button></div></td></tr><tr dataid=\\"3\\"><td>Chair</td><td>capex</td><td>50</td><td>50</td><td><div style=\\"display: flex; flex-direction: row;\\"><button>x</button></div></td></tr><tr dataid=\\"4\\"><td>Computer</td><td>capex</td><td>1000</td><td>20</td><td><div style=\\"display: flex; flex-direction: row;\\"><button>x</button></div></td></tr><tr dataid=\\"5\\"><td>Rent</td><td></td><td>2000</td><td></td><td><div style=\\"display: flex; flex-direction: row;\\"><button>x</button></div></td></tr><tr dataid=\\"6\\"><td>&nbsp;</td><td>&nbsp;</td><td>&nbsp;</td><td>&nbsp;</td><td><div style=\\"display: flex; flex-direction: row;\\"></div></td></tr></tbody></table>"`;

exports[`onChange() return true on delete 2`] = `"<table><thead><tr><th>product</th><th>type</th><th>price</th><th>stock</th><th></th></tr></thead><tbody><tr dataid=\\"0\\"><td>Desk</td><td>capex</td><td>100</td><td>20</td><td><div style=\\"display: flex; flex-direction: row;\\"><button>x</button></div></td></tr><tr dataid=\\"1\\"><td>Printer</td><td>capex</td><td>500</td><td>10</td><td><div style=\\"display: flex; flex-direction: row;\\"><button>x</button></div></td></tr><tr dataid=\\"2\\"><td>Paper</td><td>consumable</td><td>5</td><td>2000</td><td><div style=\\"display: flex; flex-direction: row;\\"><button>x</button></div></td></tr><tr dataid=\\"3\\"><td>Chair</td><td>capex</td><td>50</td><td>50</td><td><div style=\\"display: flex; flex-direction: row;\\"><button>x</button></div></td></tr><tr dataid=\\"4\\"><td>Computer</td><td>capex</td><td>1000</td><td>20</td><td><div style=\\"display: flex; flex-direction: row;\\"><button>x</button></div></td></tr><tr dataid=\\"5\\"><td>Rent</td><td></td><td>2000</td><td></td><td><div style=\\"display: flex; flex-direction: row;\\"><button>x</button></div></td></tr><tr dataid=\\"6\\"><td>&nbsp;</td><td>&nbsp;</td><td>&nbsp;</td><td>&nbsp;</td><td><div style=\\"display: flex; flex-direction: row;\\"></div></td></tr></tbody></table>"`;

exports[`onChange() return true on delete 3`] = `"<table><thead><tr><th>product</th><th>type</th><th>price</th><th>stock</th><th></th></tr></thead><tbody><tr dataid=\\"0\\"><td>Desk</td><td>capex</td><td>100</td><td>20</td><td><div style=\\"display: flex; flex-direction: row;\\"><button>x</button></div></td></tr><tr dataid=\\"1\\"><td>Printer</td><td>capex</td><td>500</td><td>10</td><td><div style=\\"display: flex; flex-direction: row;\\"><button>x</button></div></td></tr><tr dataid=\\"2\\"><td>Paper</td><td>consumable</td><td>5</td><td>2000</td><td><div style=\\"display: flex; flex-direction: row;\\"><button>x</button></div></td></tr><tr dataid=\\"3\\"><td>Chair</td><td>capex</td><td>50</td><td>50</td><td><div style=\\"display: flex; flex-direction: row;\\"><button>x</button></div></td></tr><tr dataid=\\"4\\"><td>Computer</td><td>capex</td><td>1000</td><td>20</td><td><div style=\\"display: flex; flex-direction: row;\\"><button>x</button></div></td></tr><tr dataid=\\"5\\"><td>Rent</td><td></td><td>2000</td><td></td><td><div style=\\"display: flex; flex-direction: row;\\"><button>x</button></div></td></tr><tr dataid=\\"6\\"><td>&nbsp;</td><td>&nbsp;</td><td>&nbsp;</td><td>&nbsp;</td><td><div style=\\"display: flex; flex-direction: row;\\"></div></td></tr></tbody></table>"`;

exports[`onChange() return true on insert 1`] = `"<table><thead><tr><th>product</th><th>type</th><th>price</th><th>stock</th><th></th></tr></thead><tbody><tr dataid=\\"0\\"><td>Desk</td><td>capex</td><td>100</td><td>20</td><td><div style=\\"display: flex; flex-direction: row;\\"><button>x</button></div></td></tr><tr dataid=\\"1\\"><td>Printer</td><td>capex</td><td>500</td><td>10</td><td><div style=\\"display: flex; flex-direction: row;\\"><button>x</button></div></td></tr><tr dataid=\\"2\\"><td>Paper</td><td>consumable</td><td>5</td><td>2000</td><td><div style=\\"display: flex; flex-direction: row;\\"><button>x</button></div></td></tr><tr dataid=\\"3\\"><td>Chair</td><td>capex</td><td>50</td><td>50</td><td><div style=\\"display: flex; flex-direction: row;\\"><button>x</button></div></td></tr><tr dataid=\\"4\\"><td>Computer</td><td>capex</td><td>1000</td><td>20</td><td><div style=\\"display: flex; flex-direction: row;\\"><button>x</button></div></td></tr><tr dataid=\\"5\\"><td>Rent</td><td></td><td>2000</td><td></td><td><div style=\\"display: flex; flex-direction: row;\\"><button>x</button></div></td></tr><tr dataid=\\"6\\"><td>&nbsp;</td><td>&nbsp;</td><td>&nbsp;</td><td>&nbsp;</td><td><div style=\\"display: flex; flex-direction: row;\\"></div></td></tr></tbody></table>"`;

exports[`onChange() return true on insert 2`] = `"<table><thead><tr><th>product</th><th>type</th><th>price</th><th>stock</th><th></th></tr></thead><tbody><tr dataid=\\"0\\"><td>Desk</td><td>capex</td><td>100</td><td>20</td><td><div style=\\"display: flex; flex-direction: row;\\"><button>x</button></div></td></tr><tr dataid=\\"1\\"><td>Printer</td><td>capex</td><td>500</td><td>10</td><td><div style=\\"display: flex; flex-direction: row;\\"><button>x</button></div></td></tr><tr dataid=\\"2\\"><td>Paper</td><td>consumable</td><td>5</td><td>2000</td><td><div style=\\"display: flex; flex-direction: row;\\"><button>x</button></div></td></tr><tr dataid=\\"3\\"><td>Chair</td><td>capex</td><td>50</td><td>50</td><td><div style=\\"display: flex; flex-direction: row;\\"><button>x</button></div></td></tr><tr dataid=\\"4\\"><td>Computer</td><td>capex</td><td>1000</td><td>20</td><td><div style=\\"display: flex; flex-direction: row;\\"><button>x</button></div></td></tr><tr dataid=\\"5\\"><td>Rent</td><td></td><td>2000</td><td></td><td><div style=\\"display: flex; flex-direction: row;\\"><button>x</button></div></td></tr><tr dataid=\\"6\\"><td><input type=\\"text\\" value=\\"\\"></td><td><select><option></option><option value=\\"1\\">capex</option><option value=\\"2\\">consumable</option></select></td><td><input type=\\"number\\" value=\\"\\"></td><td><input type=\\"number\\" value=\\"\\"></td><td><div style=\\"display: flex; flex-direction: row;\\"><button>✓</button><button>x</button></div></td></tr></tbody></table>"`;

exports[`onChange() return true on insert 3`] = `"<table><thead><tr><th>product</th><th>type</th><th>price</th><th>stock</th><th></th></tr></thead><tbody><tr dataid=\\"0\\"><td>Desk</td><td>capex</td><td>100</td><td>20</td><td><div style=\\"display: flex; flex-direction: row;\\"><button>x</button></div></td></tr><tr dataid=\\"1\\"><td>Printer</td><td>capex</td><td>500</td><td>10</td><td><div style=\\"display: flex; flex-direction: row;\\"><button>x</button></div></td></tr><tr dataid=\\"2\\"><td>Paper</td><td>consumable</td><td>5</td><td>2000</td><td><div style=\\"display: flex; flex-direction: row;\\"><button>x</button></div></td></tr><tr dataid=\\"3\\"><td>Chair</td><td>capex</td><td>50</td><td>50</td><td><div style=\\"display: flex; flex-direction: row;\\"><button>x</button></div></td></tr><tr dataid=\\"4\\"><td>Computer</td><td>capex</td><td>1000</td><td>20</td><td><div style=\\"display: flex; flex-direction: row;\\"><button>x</button></div></td></tr><tr dataid=\\"5\\"><td>Rent</td><td></td><td>2000</td><td></td><td><div style=\\"display: flex; flex-direction: row;\\"><button>x</button></div></td></tr><tr dataid=\\"6\\"><td>&nbsp;</td><td>&nbsp;</td><td>&nbsp;</td><td>&nbsp;</td><td><div style=\\"display: flex; flex-direction: row;\\"></div></td></tr></tbody></table>"`;

exports[`onChange() return true on update 1`] = `"<table><thead><tr><th>product</th><th>type</th><th>price</th><th>stock</th><th></th></tr></thead><tbody><tr dataid=\\"0\\"><td>Desk</td><td>capex</td><td>100</td><td>20</td><td><div style=\\"display: flex; flex-direction: row;\\"><button>x</button></div></td></tr><tr dataid=\\"1\\"><td>Printer</td><td>capex</td><td>500</td><td>10</td><td><div style=\\"display: flex; flex-direction: row;\\"><button>x</button></div></td></tr><tr dataid=\\"2\\"><td>Paper</td><td>consumable</td><td>5</td><td>2000</td><td><div style=\\"display: flex; flex-direction: row;\\"><button>x</button></div></td></tr><tr dataid=\\"3\\"><td>Chair</td><td>capex</td><td>50</td><td>50</td><td><div style=\\"display: flex; flex-direction: row;\\"><button>x</button></div></td></tr><tr dataid=\\"4\\"><td>Computer</td><td>capex</td><td>1000</td><td>20</td><td><div style=\\"display: flex; flex-direction: row;\\"><button>x</button></div></td></tr><tr dataid=\\"5\\"><td>Rent</td><td></td><td>2000</td><td></td><td><div style=\\"display: flex; flex-direction: row;\\"><button>x</button></div></td></tr><tr dataid=\\"6\\"><td>&nbsp;</td><td>&nbsp;</td><td>&nbsp;</td><td>&nbsp;</td><td><div style=\\"display: flex; flex-direction: row;\\"></div></td></tr></tbody></table>"`;

exports[`onChange() return true on update 2`] = `"<table><thead><tr><th>product</th><th>type</th><th>price</th><th>stock</th><th></th></tr></thead><tbody><tr dataid=\\"0\\"><td><input type=\\"text\\" value=\\"Desk\\"></td><td><select><option></option><option value=\\"1\\">capex</option><option value=\\"2\\">consumable</option></select></td><td><input type=\\"number\\" value=\\"100\\"></td><td><input type=\\"number\\" value=\\"20\\"></td><td><div style=\\"display: flex; flex-direction: row;\\"><button>✓</button><button>x</button></div></td></tr><tr dataid=\\"1\\"><td>Printer</td><td>capex</td><td>500</td><td>10</td><td><div style=\\"display: flex; flex-direction: row;\\"><button>x</button></div></td></tr><tr dataid=\\"2\\"><td>Paper</td><td>consumable</td><td>5</td><td>2000</td><td><div style=\\"display: flex; flex-direction: row;\\"><button>x</button></div></td></tr><tr dataid=\\"3\\"><td>Chair</td><td>capex</td><td>50</td><td>50</td><td><div style=\\"display: flex; flex-direction: row;\\"><button>x</button></div></td></tr><tr dataid=\\"4\\"><td>Computer</td><td>capex</td><td>1000</td><td>20</td><td><div style=\\"display: flex; flex-direction: row;\\"><button>x</button></div></td></tr><tr dataid=\\"5\\"><td>Rent</td><td></td><td>2000</td><td></td><td><div style=\\"display: flex; flex-direction: row;\\"><button>x</button></div></td></tr><tr dataid=\\"6\\"><td>&nbsp;</td><td>&nbsp;</td><td>&nbsp;</td><td>&nbsp;</td><td><div style=\\"display: flex; flex-direction: row;\\"></div></td></tr></tbody></table>"`;

exports[`onChange() return true on update 3`] = `"<table><thead><tr><th>product</th><th>type</th><th>price</th><th>stock</th><th></th></tr></thead><tbody><tr dataid=\\"0\\"><td>Desk</td><td>capex</td><td>100</td><td>20</td><td><div style=\\"display: flex; flex-direction: row;\\"><button>x</button></div></td></tr><tr dataid=\\"1\\"><td>Printer</td><td>capex</td><td>500</td><td>10</td><td><div style=\\"display: flex; flex-direction: row;\\"><button>x</button></div></td></tr><tr dataid=\\"2\\"><td>Paper</td><td>consumable</td><td>5</td><td>2000</td><td><div style=\\"display: flex; flex-direction: row;\\"><button>x</button></div></td></tr><tr dataid=\\"3\\"><td>Chair</td><td>capex</td><td>50</td><td>50</td><td><div style=\\"display: flex; flex-direction: row;\\"><button>x</button></div></td></tr><tr dataid=\\"4\\"><td>Computer</td><td>capex</td><td>1000</td><td>20</td><td><div style=\\"display: flex; flex-direction: row;\\"><button>x</button></div></td></tr><tr dataid=\\"5\\"><td>Rent</td><td></td><td>2000</td><td></td><td><div style=\\"display: flex; flex-direction: row;\\"><button>x</button></div></td></tr><tr dataid=\\"6\\"><td>&nbsp;</td><td>&nbsp;</td><td>&nbsp;</td><td>&nbsp;</td><td><div style=\\"display: flex; flex-direction: row;\\"></div></td></tr></tbody></table>"`;
