// Jest Snapshot v1, https://goo.gl/fbAQLP

exports[`onDelete() disableDelete 1`] = `"<table><thead><tr><th>product</th><th>type</th><th>price</th><th>stock</th><th></th></tr></thead><tbody><tr><td>Desk</td><td>capex</td><td>100</td><td>20</td><td><div style=\\"display: flex; flex-direction: row;\\"></div></td></tr><tr><td>Printer</td><td>capex</td><td>500</td><td>10</td><td><div style=\\"display: flex; flex-direction: row;\\"></div></td></tr><tr><td>Paper</td><td>consumable</td><td>5</td><td>2000</td><td><div style=\\"display: flex; flex-direction: row;\\"></div></td></tr><tr><td>Chair</td><td>capex</td><td>50</td><td>50</td><td><div style=\\"display: flex; flex-direction: row;\\"></div></td></tr><tr><td>Computer</td><td>capex</td><td>1000</td><td>20</td><td><div style=\\"display: flex; flex-direction: row;\\"></div></td></tr><tr><td>Rent</td><td></td><td>2000</td><td></td><td><div style=\\"display: flex; flex-direction: row;\\"></div></td></tr><tr><td>&nbsp;</td><td>&nbsp;</td><td>&nbsp;</td><td>&nbsp;</td><td><div style=\\"display: flex; flex-direction: row;\\"></div></td></tr></tbody></table>"`;

exports[`onDelete() onDelete() false 1`] = `"<table><thead><tr><th>product</th><th>type</th><th>price</th><th>stock</th><th></th></tr></thead><tbody><tr><td>Desk</td><td>capex</td><td>100</td><td>20</td><td><div style=\\"display: flex; flex-direction: row;\\"><button>x</button></div></td></tr><tr><td>Printer</td><td>capex</td><td>500</td><td>10</td><td><div style=\\"display: flex; flex-direction: row;\\"><button>x</button></div></td></tr><tr><td>Paper</td><td>consumable</td><td>5</td><td>2000</td><td><div style=\\"display: flex; flex-direction: row;\\"><button>x</button></div></td></tr><tr><td>Chair</td><td>capex</td><td>50</td><td>50</td><td><div style=\\"display: flex; flex-direction: row;\\"><button>x</button></div></td></tr><tr><td>Computer</td><td>capex</td><td>1000</td><td>20</td><td><div style=\\"display: flex; flex-direction: row;\\"><button>x</button></div></td></tr><tr><td>Rent</td><td></td><td>2000</td><td></td><td><div style=\\"display: flex; flex-direction: row;\\"><button>x</button></div></td></tr><tr><td>&nbsp;</td><td>&nbsp;</td><td>&nbsp;</td><td>&nbsp;</td><td><div style=\\"display: flex; flex-direction: row;\\"></div></td></tr></tbody></table>"`;

exports[`onDelete() onDelete() false 2`] = `"<table><thead><tr><th>product</th><th>type</th><th>price</th><th>stock</th><th></th></tr></thead><tbody><tr><td>Desk</td><td>capex</td><td>100</td><td>20</td><td><div style=\\"display: flex; flex-direction: row;\\"><button>x</button></div></td></tr><tr><td>Printer</td><td>capex</td><td>500</td><td>10</td><td><div style=\\"display: flex; flex-direction: row;\\"><button>x</button></div></td></tr><tr><td>Paper</td><td>consumable</td><td>5</td><td>2000</td><td><div style=\\"display: flex; flex-direction: row;\\"><button>x</button></div></td></tr><tr><td>Chair</td><td>capex</td><td>50</td><td>50</td><td><div style=\\"display: flex; flex-direction: row;\\"><button>x</button></div></td></tr><tr><td>Computer</td><td>capex</td><td>1000</td><td>20</td><td><div style=\\"display: flex; flex-direction: row;\\"><button>x</button></div></td></tr><tr><td>Rent</td><td></td><td>2000</td><td></td><td><div style=\\"display: flex; flex-direction: row;\\"><button>x</button></div></td></tr><tr><td>&nbsp;</td><td>&nbsp;</td><td>&nbsp;</td><td>&nbsp;</td><td><div style=\\"display: flex; flex-direction: row;\\"></div></td></tr></tbody></table>"`;

exports[`onDelete() onDelete() undefined 1`] = `"<table><thead><tr><th>product</th><th>type</th><th>price</th><th>stock</th><th></th></tr></thead><tbody><tr><td>Desk</td><td>capex</td><td>100</td><td>20</td><td><div style=\\"display: flex; flex-direction: row;\\"><button>x</button></div></td></tr><tr><td>Printer</td><td>capex</td><td>500</td><td>10</td><td><div style=\\"display: flex; flex-direction: row;\\"><button>x</button></div></td></tr><tr><td>Paper</td><td>consumable</td><td>5</td><td>2000</td><td><div style=\\"display: flex; flex-direction: row;\\"><button>x</button></div></td></tr><tr><td>Chair</td><td>capex</td><td>50</td><td>50</td><td><div style=\\"display: flex; flex-direction: row;\\"><button>x</button></div></td></tr><tr><td>Computer</td><td>capex</td><td>1000</td><td>20</td><td><div style=\\"display: flex; flex-direction: row;\\"><button>x</button></div></td></tr><tr><td>Rent</td><td></td><td>2000</td><td></td><td><div style=\\"display: flex; flex-direction: row;\\"><button>x</button></div></td></tr><tr><td>&nbsp;</td><td>&nbsp;</td><td>&nbsp;</td><td>&nbsp;</td><td><div style=\\"display: flex; flex-direction: row;\\"></div></td></tr></tbody></table>"`;

exports[`onDelete() onDelete() undefined 2`] = `"<table><thead><tr><th>product</th><th>type</th><th>price</th><th>stock</th><th></th></tr></thead><tbody><tr><td>Printer</td><td>capex</td><td>500</td><td>10</td><td><div style=\\"display: flex; flex-direction: row;\\"><button>x</button></div></td></tr><tr><td>Paper</td><td>consumable</td><td>5</td><td>2000</td><td><div style=\\"display: flex; flex-direction: row;\\"><button>x</button></div></td></tr><tr><td>Chair</td><td>capex</td><td>50</td><td>50</td><td><div style=\\"display: flex; flex-direction: row;\\"><button>x</button></div></td></tr><tr><td>Computer</td><td>capex</td><td>1000</td><td>20</td><td><div style=\\"display: flex; flex-direction: row;\\"><button>x</button></div></td></tr><tr><td>Rent</td><td></td><td>2000</td><td></td><td><div style=\\"display: flex; flex-direction: row;\\"><button>x</button></div></td></tr><tr><td>&nbsp;</td><td>&nbsp;</td><td>&nbsp;</td><td>&nbsp;</td><td><div style=\\"display: flex; flex-direction: row;\\"></div></td></tr></tbody></table>"`;
