// Jest Snapshot v1, https://goo.gl/fbAQLP

exports[`<ReactEditList> basic use 1`] = `"<table><thead><tr><th>product</th><th>type</th><th>price</th><th>stock</th><th></th></tr></thead><tbody><tr><td>Desk</td><td>capex</td><td>100</td><td>20</td><td><button>x</button></td></tr><tr><td>Printer</td><td>capex</td><td>500</td><td>10</td><td><button>x</button></td></tr><tr><td>Paper</td><td>consumable</td><td>5</td><td>2000</td><td><button>x</button></td></tr><tr><td>Chair</td><td>capex</td><td>50</td><td>50</td><td><button>x</button></td></tr><tr><td>Computer</td><td>capex</td><td>1000</td><td>20</td><td><button>x</button></td></tr><tr><td>Rent</td><td></td><td>2000</td><td></td><td><button>x</button></td></tr><tr><td></td><td></td><td></td><td></td><td>&nbsp;</td></tr></tbody></table>"`;

exports[`<ReactEditList> basic use 2`] = `"<table class=\\"table table-light table-fixed align-middle\\"><thead class=\\"table-dark\\"><tr><th class=\\"col-4\\">product</th><th class=\\"col-3\\">type</th><th class=\\"col-2\\">price</th><th class=\\"col-2\\">stock</th><th class=\\"col-1\\"></th></tr></thead><tbody><tr><td>Desk</td><td>capex</td><td>100</td><td>20</td><td><button class=\\"btn btn-danger py-0 px-1 m-0 mx-1\\">x</button></td></tr><tr><td>Printer</td><td>capex</td><td>500</td><td>10</td><td><button class=\\"btn btn-danger py-0 px-1 m-0 mx-1\\">x</button></td></tr><tr><td>Paper</td><td>consumable</td><td>5</td><td>2000</td><td><button class=\\"btn btn-danger py-0 px-1 m-0 mx-1\\">x</button></td></tr><tr><td>Chair</td><td>capex</td><td>50</td><td>50</td><td><button class=\\"btn btn-danger py-0 px-1 m-0 mx-1\\">x</button></td></tr><tr><td>Computer</td><td>capex</td><td>1000</td><td>20</td><td><button class=\\"btn btn-danger py-0 px-1 m-0 mx-1\\">x</button></td></tr><tr><td>Rent</td><td></td><td>2000</td><td></td><td><button class=\\"btn btn-danger py-0 px-1 m-0 mx-1\\">x</button></td></tr><tr><td></td><td></td><td></td><td></td><td>&nbsp;</td></tr></tbody></table>"`;

exports[`<ReactEditList> onInsert() onInsert() false 1`] = `"<table><thead><tr><th>product</th><th>type</th><th>price</th><th>stock</th><th></th></tr></thead><tbody><tr><td>Desk</td><td>capex</td><td>100</td><td>20</td><td><button>x</button></td></tr><tr><td>Printer</td><td>capex</td><td>500</td><td>10</td><td><button>x</button></td></tr><tr><td>Paper</td><td>consumable</td><td>5</td><td>2000</td><td><button>x</button></td></tr><tr><td>Chair</td><td>capex</td><td>50</td><td>50</td><td><button>x</button></td></tr><tr><td>Computer</td><td>capex</td><td>1000</td><td>20</td><td><button>x</button></td></tr><tr><td>Rent</td><td></td><td>2000</td><td></td><td><button>x</button></td></tr><tr><td>test item</td><td></td><td></td><td></td><td><button>x</button></td></tr><tr><td></td><td></td><td></td><td></td><td>&nbsp;</td></tr></tbody></table>"`;

exports[`<ReactEditList> onInsert() onInsert() false 2`] = `"<table><thead><tr><th>product</th><th>type</th><th>price</th><th>stock</th><th></th></tr></thead><tbody><tr><td>Desk</td><td>capex</td><td>100</td><td>20</td><td><button>x</button></td></tr><tr><td>Printer</td><td>capex</td><td>500</td><td>10</td><td><button>x</button></td></tr><tr><td>Paper</td><td>consumable</td><td>5</td><td>2000</td><td><button>x</button></td></tr><tr><td>Chair</td><td>capex</td><td>50</td><td>50</td><td><button>x</button></td></tr><tr><td>Computer</td><td>capex</td><td>1000</td><td>20</td><td><button>x</button></td></tr><tr><td>Rent</td><td></td><td>2000</td><td></td><td><button>x</button></td></tr><tr><td>test item</td><td></td><td></td><td></td><td><button>x</button></td></tr><tr><td><input type=\\"text\\" value=\\"\\"></td><td><select><option></option><option value=\\"1\\">capex</option><option value=\\"2\\">consumable</option></select></td><td><input type=\\"number\\" value=\\"\\"></td><td><input type=\\"number\\" value=\\"\\"></td><td><button>✓</button><button>x</button></td></tr></tbody></table>"`;

exports[`<ReactEditList> onInsert() onInsert() false 3`] = `"<table><thead><tr><th>product</th><th>type</th><th>price</th><th>stock</th><th></th></tr></thead><tbody><tr><td>Desk</td><td>capex</td><td>100</td><td>20</td><td><button>x</button></td></tr><tr><td>Printer</td><td>capex</td><td>500</td><td>10</td><td><button>x</button></td></tr><tr><td>Paper</td><td>consumable</td><td>5</td><td>2000</td><td><button>x</button></td></tr><tr><td>Chair</td><td>capex</td><td>50</td><td>50</td><td><button>x</button></td></tr><tr><td>Computer</td><td>capex</td><td>1000</td><td>20</td><td><button>x</button></td></tr><tr><td>Rent</td><td></td><td>2000</td><td></td><td><button>x</button></td></tr><tr><td>test item</td><td></td><td></td><td></td><td><button>x</button></td></tr><tr><td><input type=\\"text\\" value=\\"test item 2\\"></td><td><select><option></option><option value=\\"1\\">capex</option><option value=\\"2\\">consumable</option></select></td><td><input type=\\"number\\" value=\\"\\"></td><td><input type=\\"number\\" value=\\"\\"></td><td><button>✓</button><button>x</button></td></tr></tbody></table>"`;

exports[`<ReactEditList> onInsert() onInsert() false 4`] = `"<table><thead><tr><th>product</th><th>type</th><th>price</th><th>stock</th><th></th></tr></thead><tbody><tr><td>Desk</td><td>capex</td><td>100</td><td>20</td><td><button>x</button></td></tr><tr><td>Printer</td><td>capex</td><td>500</td><td>10</td><td><button>x</button></td></tr><tr><td>Paper</td><td>consumable</td><td>5</td><td>2000</td><td><button>x</button></td></tr><tr><td>Chair</td><td>capex</td><td>50</td><td>50</td><td><button>x</button></td></tr><tr><td>Computer</td><td>capex</td><td>1000</td><td>20</td><td><button>x</button></td></tr><tr><td>Rent</td><td></td><td>2000</td><td></td><td><button>x</button></td></tr><tr><td>test item</td><td></td><td></td><td></td><td><button>x</button></td></tr><tr><td></td><td></td><td></td><td></td><td>&nbsp;</td></tr></tbody></table>"`;

exports[`<ReactEditList> onInsert() onInsert() false 5`] = `"<table><thead><tr><th>product</th><th>type</th><th>price</th><th>stock</th><th></th></tr></thead><tbody><tr><td>Desk</td><td>capex</td><td>100</td><td>20</td><td><button>x</button></td></tr><tr><td>Printer</td><td>capex</td><td>500</td><td>10</td><td><button>x</button></td></tr><tr><td>Paper</td><td>consumable</td><td>5</td><td>2000</td><td><button>x</button></td></tr><tr><td>Chair</td><td>capex</td><td>50</td><td>50</td><td><button>x</button></td></tr><tr><td>Computer</td><td>capex</td><td>1000</td><td>20</td><td><button>x</button></td></tr><tr><td>Rent</td><td></td><td>2000</td><td></td><td><button>x</button></td></tr><tr><td>test item</td><td></td><td></td><td></td><td><button>x</button></td></tr><tr><td><input type=\\"text\\" value=\\"\\"></td><td><select><option></option><option value=\\"1\\">capex</option><option value=\\"2\\">consumable</option></select></td><td><input type=\\"number\\" value=\\"\\"></td><td><input type=\\"number\\" value=\\"\\"></td><td><button>✓</button><button>x</button></td></tr></tbody></table>"`;

exports[`<ReactEditList> onInsert() onInsert() false 6`] = `"<table><thead><tr><th>product</th><th>type</th><th>price</th><th>stock</th><th></th></tr></thead><tbody><tr><td>Desk</td><td>capex</td><td>100</td><td>20</td><td><button>x</button></td></tr><tr><td>Printer</td><td>capex</td><td>500</td><td>10</td><td><button>x</button></td></tr><tr><td>Paper</td><td>consumable</td><td>5</td><td>2000</td><td><button>x</button></td></tr><tr><td>Chair</td><td>capex</td><td>50</td><td>50</td><td><button>x</button></td></tr><tr><td>Computer</td><td>capex</td><td>1000</td><td>20</td><td><button>x</button></td></tr><tr><td>Rent</td><td></td><td>2000</td><td></td><td><button>x</button></td></tr><tr><td>test item</td><td></td><td></td><td></td><td><button>x</button></td></tr><tr><td>something different</td><td></td><td></td><td></td><td><button>x</button></td></tr><tr><td></td><td></td><td></td><td></td><td>&nbsp;</td></tr></tbody></table>"`;

exports[`<ReactEditList> onInsert() onInsert() undefined 1`] = `"<table><thead><tr><th>product</th><th>type</th><th>price</th><th>stock</th><th></th></tr></thead><tbody><tr><td>Desk</td><td>capex</td><td>100</td><td>20</td><td><button>x</button></td></tr><tr><td>Printer</td><td>capex</td><td>500</td><td>10</td><td><button>x</button></td></tr><tr><td>Paper</td><td>consumable</td><td>5</td><td>2000</td><td><button>x</button></td></tr><tr><td>Chair</td><td>capex</td><td>50</td><td>50</td><td><button>x</button></td></tr><tr><td>Computer</td><td>capex</td><td>1000</td><td>20</td><td><button>x</button></td></tr><tr><td>Rent</td><td></td><td>2000</td><td></td><td><button>x</button></td></tr><tr><td></td><td></td><td></td><td></td><td>&nbsp;</td></tr></tbody></table>"`;

exports[`<ReactEditList> onInsert() onInsert() undefined 2`] = `"<table><thead><tr><th>product</th><th>type</th><th>price</th><th>stock</th><th></th></tr></thead><tbody><tr><td>Desk</td><td>capex</td><td>100</td><td>20</td><td><button>x</button></td></tr><tr><td>Printer</td><td>capex</td><td>500</td><td>10</td><td><button>x</button></td></tr><tr><td>Paper</td><td>consumable</td><td>5</td><td>2000</td><td><button>x</button></td></tr><tr><td>Chair</td><td>capex</td><td>50</td><td>50</td><td><button>x</button></td></tr><tr><td>Computer</td><td>capex</td><td>1000</td><td>20</td><td><button>x</button></td></tr><tr><td>Rent</td><td></td><td>2000</td><td></td><td><button>x</button></td></tr><tr><td><input type=\\"text\\" value=\\"\\"></td><td><select><option></option><option value=\\"1\\">capex</option><option value=\\"2\\">consumable</option></select></td><td><input type=\\"number\\" value=\\"\\"></td><td><input type=\\"number\\" value=\\"\\"></td><td><button>✓</button><button>x</button></td></tr></tbody></table>"`;

exports[`<ReactEditList> onInsert() onInsert() undefined 3`] = `"<table><thead><tr><th>product</th><th>type</th><th>price</th><th>stock</th><th></th></tr></thead><tbody><tr><td>Desk</td><td>capex</td><td>100</td><td>20</td><td><button>x</button></td></tr><tr><td>Printer</td><td>capex</td><td>500</td><td>10</td><td><button>x</button></td></tr><tr><td>Paper</td><td>consumable</td><td>5</td><td>2000</td><td><button>x</button></td></tr><tr><td>Chair</td><td>capex</td><td>50</td><td>50</td><td><button>x</button></td></tr><tr><td>Computer</td><td>capex</td><td>1000</td><td>20</td><td><button>x</button></td></tr><tr><td>Rent</td><td></td><td>2000</td><td></td><td><button>x</button></td></tr><tr><td>test item</td><td></td><td></td><td></td><td><button>x</button></td></tr><tr><td></td><td></td><td></td><td></td><td>&nbsp;</td></tr></tbody></table>"`;
